#
# There is insufficient memory for the Java Runtime Environment to continue.
# Native memory allocation (malloc) failed to allocate 867296 bytes. Error detail: Chunk::new
# Possible reasons:
#   The system is out of physical RAM or swap space
#   This process is running with CompressedOops enabled, and the Java Heap may be blocking the growth of the native heap
# Possible solutions:
#   Reduce memory load on the system
#   Increase physical memory or swap space
#   Check if swap backing store is full
#   Decrease Java heap size (-Xmx/-Xms)
#   Decrease number of Java threads
#   Decrease Java thread stack sizes (-Xss)
#   Set larger code cache with -XX:ReservedCodeCacheSize=
#   JVM is running with Unscaled Compressed Oops mode in which the Java heap is
#     placed in the first 4GB address space. The Java Heap base address is the
#     maximum limit for the native heap growth. Please use -XX:HeapBaseMinAddress
#     to set the Java Heap base and to place the Java Heap above 4GB virtual address.
# This output file may be truncated or incomplete.
#
#  Out of Memory Error (arena.cpp:191), pid=7592, tid=14500
#
# JRE version: OpenJDK Runtime Environment (17.0.11) (build 17.0.11+0--11852314)
# Java VM: OpenJDK 64-Bit Server VM (17.0.11+0--11852314, mixed mode, tiered, compressed oops, compressed class ptrs, g1 gc, windows-amd64)
# No core dump will be written. Minidumps are not enabled by default on client versions of Windows
#

---------------  S U M M A R Y ------------

Command Line: --add-opens=java.base/java.util=ALL-UNNAMED --add-opens=java.base/java.lang=ALL-UNNAMED --add-opens=java.base/java.lang.invoke=ALL-UNNAMED --add-opens=java.prefs/java.util.prefs=ALL-UNNAMED --add-opens=java.base/java.nio.charset=ALL-UNNAMED --add-opens=java.base/java.net=ALL-UNNAMED --add-opens=java.base/java.util.concurrent.atomic=ALL-UNNAMED -Xmx2048m -Dfile.encoding=UTF-8 -Duser.country=RU -Duser.language=ru -Duser.variant -javaagent:C:\Users\User\AndroidStudioProjects\Individual\Habit-Tracker\.gradle\wrapper\dists\gradle-8.7-bin\bhs2wmbdwecv87pi65oeuq5iu\gradle-8.7\lib\agents\gradle-instrumentation-agent-8.7.jar org.gradle.launcher.daemon.bootstrap.GradleDaemon 8.7

Host: 11th Gen Intel(R) Core(TM) i3-1115G4 @ 3.00GHz, 4 cores, 7G,  Windows 10 , 64 bit Build 19041 (10.0.19041.5072)
Time: Mon Dec  9 11:34:23 2024  Windows 10 , 64 bit Build 19041 (10.0.19041.5072) elapsed time: 9.120946 seconds (0d 0h 0m 9s)

---------------  T H R E A D  ---------------

Current thread (0x0000021b3f035c10):  JavaThread "C2 CompilerThread0" daemon [_thread_in_native, id=14500, stack(0x000000838bd00000,0x000000838be00000)]


Current CompileTask:
C2:   9121 2215       4       jdk.internal.org.objectweb.asm.Frame::execute (2305 bytes)

Stack: [0x000000838bd00000,0x000000838be00000]
Native frames: (J=compiled Java code, j=interpreted, Vv=VM code, C=native code)
V  [jvm.dll+0x687bb9]
V  [jvm.dll+0x84142a]
V  [jvm.dll+0x8430ae]
V  [jvm.dll+0x843713]
V  [jvm.dll+0x24a35f]
V  [jvm.dll+0xac544]
V  [jvm.dll+0xacb8c]
V  [jvm.dll+0x2b194f]
V  [jvm.dll+0x58eba7]
V  [jvm.dll+0x2247e2]
V  [jvm.dll+0x21da52]
V  [jvm.dll+0x21b201]
V  [jvm.dll+0x1a63ed]
V  [jvm.dll+0x22b1ee]
V  [jvm.dll+0x229375]
V  [jvm.dll+0x7f5647]
V  [jvm.dll+0x7efa4a]
V  [jvm.dll+0x686a35]
C  [ucrtbase.dll+0x21bb2]
C  [KERNEL32.DLL+0x17374]
C  [ntdll.dll+0x4cc91]


---------------  P R O C E S S  ---------------

Threads class SMR info:
_java_thread_list=0x0000021b3f50fdc0, length=25, elements={
0x0000021b21560a70, 0x0000021b3ab75610, 0x0000021b3ab406a0, 0x0000021b3f013680,
0x0000021b3f015f60, 0x0000021b3f018840, 0x0000021b3f033000, 0x0000021b3f035c10,
0x0000021b3f0374a0, 0x0000021b3f076a40, 0x0000021b3aad6100, 0x0000021b3f236090,
0x0000021b40af5e40, 0x0000021b408c55c0, 0x0000021b41432450, 0x0000021b403cee00,
0x0000021b40391780, 0x0000021b401ea0a0, 0x0000021b408af3f0, 0x0000021b3fdd3810,
0x0000021b3fdd0060, 0x0000021b3fdd0a80, 0x0000021b3fdd14a0, 0x0000021b3fdd1ec0,
0x0000021b3fdd23d0
}

Java Threads: ( => current thread )
  0x0000021b21560a70 JavaThread "main" [_thread_blocked, id=16136, stack(0x000000838b000000,0x000000838b100000)]
  0x0000021b3ab75610 JavaThread "Reference Handler" daemon [_thread_blocked, id=17908, stack(0x000000838b700000,0x000000838b800000)]
  0x0000021b3ab406a0 JavaThread "Finalizer" daemon [_thread_blocked, id=15564, stack(0x000000838b800000,0x000000838b900000)]
  0x0000021b3f013680 JavaThread "Signal Dispatcher" daemon [_thread_blocked, id=11796, stack(0x000000838b900000,0x000000838ba00000)]
  0x0000021b3f015f60 JavaThread "Attach Listener" daemon [_thread_blocked, id=11464, stack(0x000000838ba00000,0x000000838bb00000)]
  0x0000021b3f018840 JavaThread "Service Thread" daemon [_thread_blocked, id=11388, stack(0x000000838bb00000,0x000000838bc00000)]
  0x0000021b3f033000 JavaThread "Monitor Deflation Thread" daemon [_thread_blocked, id=8792, stack(0x000000838bc00000,0x000000838bd00000)]
=>0x0000021b3f035c10 JavaThread "C2 CompilerThread0" daemon [_thread_in_native, id=14500, stack(0x000000838bd00000,0x000000838be00000)]
  0x0000021b3f0374a0 JavaThread "C1 CompilerThread0" daemon [_thread_blocked, id=13832, stack(0x000000838be00000,0x000000838bf00000)]
  0x0000021b3f076a40 JavaThread "Sweeper thread" daemon [_thread_blocked, id=17096, stack(0x000000838bf00000,0x000000838c000000)]
  0x0000021b3aad6100 JavaThread "Common-Cleaner" daemon [_thread_blocked, id=7516, stack(0x000000838c000000,0x000000838c100000)]
  0x0000021b3f236090 JavaThread "Notification Thread" daemon [_thread_blocked, id=15912, stack(0x000000838c100000,0x000000838c200000)]
  0x0000021b40af5e40 JavaThread "Daemon health stats" [_thread_blocked, id=11852, stack(0x000000838c600000,0x000000838c700000)]
  0x0000021b408c55c0 JavaThread "Incoming local TCP Connector on port 53594" [_thread_in_native, id=14612, stack(0x000000838c700000,0x000000838c800000)]
  0x0000021b41432450 JavaThread "Daemon periodic checks" [_thread_blocked, id=1752, stack(0x000000838c800000,0x000000838c900000)]
  0x0000021b403cee00 JavaThread "Daemon" [_thread_blocked, id=7248, stack(0x000000838c900000,0x000000838ca00000)]
  0x0000021b40391780 JavaThread "Handler for socket connection from /127.0.0.1:53594 to /127.0.0.1:53595" [_thread_in_native, id=9136, stack(0x000000838ca00000,0x000000838cb00000)]
  0x0000021b401ea0a0 JavaThread "Cancel handler" [_thread_blocked, id=18424, stack(0x000000838cb00000,0x000000838cc00000)]
  0x0000021b408af3f0 JavaThread "Daemon worker" [_thread_in_vm, id=14888, stack(0x000000838cc00000,0x000000838cd00000)]
  0x0000021b3fdd3810 JavaThread "Asynchronous log dispatcher for DefaultDaemonConnection: socket connection from /127.0.0.1:53594 to /127.0.0.1:53595" [_thread_blocked, id=15064, stack(0x000000838cd00000,0x000000838ce00000)]
  0x0000021b3fdd0060 JavaThread "Stdin handler" [_thread_blocked, id=12476, stack(0x000000838ce00000,0x000000838cf00000)]
  0x0000021b3fdd0a80 JavaThread "Daemon client event forwarder" [_thread_blocked, id=18208, stack(0x000000838cf00000,0x000000838d000000)]
  0x0000021b3fdd14a0 JavaThread "Cache worker for journal cache (C:\Users\User\AndroidStudioProjects\Individual\Habit-Tracker\.gradle\caches\journal-1)" [_thread_blocked, id=15744, stack(0x000000838d000000,0x000000838d100000)]
  0x0000021b3fdd1ec0 JavaThread "File lock request listener" [_thread_in_native, id=16832, stack(0x000000838d100000,0x000000838d200000)]
  0x0000021b3fdd23d0 JavaThread "Cache worker for file hash cache (C:\Users\User\AndroidStudioProjects\Individual\Habit-Tracker\.gradle\caches\8.7\fileHashes)" [_thread_blocked, id=6924, stack(0x000000838d200000,0x000000838d300000)]

Other Threads:
  0x0000021b3ab3cf70 VMThread "VM Thread" [stack: 0x000000838b600000,0x000000838b700000] [id=17492]
  0x0000021b215614a0 WatcherThread [stack: 0x000000838c200000,0x000000838c300000] [id=8912]
  0x0000021b215bbb00 GCTaskThread "GC Thread#0" [stack: 0x000000838b100000,0x000000838b200000] [id=10356]
  0x0000021b3f4a5550 GCTaskThread "GC Thread#1" [stack: 0x000000838c300000,0x000000838c400000] [id=7432]
  0x0000021b3f4a5810 GCTaskThread "GC Thread#2" [stack: 0x000000838c400000,0x000000838c500000] [id=15312]
  0x0000021b3f4a1220 GCTaskThread "GC Thread#3" [stack: 0x000000838c500000,0x000000838c600000] [id=3220]
  0x0000021b215cc960 ConcurrentGCThread "G1 Main Marker" [stack: 0x000000838b200000,0x000000838b300000] [id=18352]
  0x0000021b215cd290 ConcurrentGCThread "G1 Conc#0" [stack: 0x000000838b300000,0x000000838b400000] [id=10180]
  0x0000021b3a9a40c0 ConcurrentGCThread "G1 Refine#0" [stack: 0x000000838b400000,0x000000838b500000] [id=12160]
  0x0000021b3a9a4a00 ConcurrentGCThread "G1 Service" [stack: 0x000000838b500000,0x000000838b600000] [id=448]

Threads with active compile tasks:
C2 CompilerThread0     9141 2215       4       jdk.internal.org.objectweb.asm.Frame::execute (2305 bytes)
C1 CompilerThread0     9141 2253       3       com.google.common.base.Preconditions::checkNotNull (14 bytes)

VM state: not at safepoint (normal execution)

VM Mutex/Monitor currently owned by a thread: None

Heap address: 0x0000000080000000, size: 2048 MB, Compressed Oops mode: 32-bit

CDS archive(s) not mapped
Compressed class space mapped at: 0x0000000100000000-0x0000000140000000, reserved size: 1073741824
Narrow klass base: 0x0000000000000000, Narrow klass shift: 3, Narrow klass range: 0x140000000

GC Precious Log:
 CPUs: 4 total, 4 available
 Memory: 7991M
 Large Page Support: Disabled
 NUMA Support: Disabled
 Compressed Oops: Enabled (32-bit)
 Heap Region Size: 1M
 Heap Min Capacity: 8M
 Heap Initial Capacity: 126M
 Heap Max Capacity: 2G
 Pre-touch: Disabled
 Parallel Workers: 4
 Concurrent Workers: 1
 Concurrent Refinement Workers: 4
 Periodic GC: Disabled

Heap:
 garbage-first heap   total 71680K, used 33767K [0x0000000080000000, 0x0000000100000000)
  region size 1024K, 25 young (25600K), 9 survivors (9216K)
 Metaspace       used 23935K, committed 24128K, reserved 1114112K
  class space    used 2916K, committed 3008K, reserved 1048576K

Heap Regions: E=young(eden), S=young(survivor), O=old, HS=humongous(starts), HC=humongous(continues), CS=collection set, F=free, OA=open archive, CA=closed archive, TAMS=top-at-mark-start (previous, next)
|   0|0x0000000080000000, 0x0000000080100000, 0x0000000080100000|100%|HS|  |TAMS 0x0000000080100000, 0x0000000080000000| Complete 
|   1|0x0000000080100000, 0x0000000080200000, 0x0000000080200000|100%|HC|  |TAMS 0x0000000080200000, 0x0000000080100000| Complete 
|   2|0x0000000080200000, 0x0000000080300000, 0x0000000080300000|100%|HC|  |TAMS 0x0000000080300000, 0x0000000080200000| Complete 
|   3|0x0000000080300000, 0x0000000080400000, 0x0000000080400000|100%|HC|  |TAMS 0x0000000080400000, 0x0000000080300000| Complete 
|   4|0x0000000080400000, 0x0000000080500000, 0x0000000080500000|100%| O|  |TAMS 0x0000000080500000, 0x0000000080400000| Untracked 
|   5|0x0000000080500000, 0x0000000080600000, 0x0000000080600000|100%| O|  |TAMS 0x0000000080600000, 0x0000000080500000| Untracked 
|   6|0x0000000080600000, 0x0000000080700000, 0x0000000080700000|100%| O|  |TAMS 0x0000000080700000, 0x0000000080600000| Untracked 
|   7|0x0000000080700000, 0x0000000080800000, 0x0000000080800000|100%| O|  |TAMS 0x0000000080800000, 0x0000000080700000| Untracked 
|   8|0x0000000080800000, 0x0000000080900000, 0x0000000080900000|100%| O|  |TAMS 0x0000000080900000, 0x0000000080800000| Untracked 
|   9|0x0000000080900000, 0x0000000080a00000, 0x0000000080a00000|100%| O|  |TAMS 0x0000000080a00000, 0x0000000080900000| Untracked 
|  10|0x0000000080a00000, 0x0000000080aec000, 0x0000000080b00000| 92%| O|  |TAMS 0x0000000080aec000, 0x0000000080a00000| Untracked 
|  11|0x0000000080b00000, 0x0000000080b00000, 0x0000000080c00000|  0%| F|  |TAMS 0x0000000080b00000, 0x0000000080b00000| Untracked 
|  12|0x0000000080c00000, 0x0000000080c00000, 0x0000000080d00000|  0%| F|  |TAMS 0x0000000080c00000, 0x0000000080c00000| Untracked 
|  13|0x0000000080d00000, 0x0000000080d00000, 0x0000000080e00000|  0%| F|  |TAMS 0x0000000080d00000, 0x0000000080d00000| Untracked 
|  14|0x0000000080e00000, 0x0000000080e00000, 0x0000000080f00000|  0%| F|  |TAMS 0x0000000080e00000, 0x0000000080e00000| Untracked 
|  15|0x0000000080f00000, 0x0000000080f00000, 0x0000000081000000|  0%| F|  |TAMS 0x0000000080f00000, 0x0000000080f00000| Untracked 
|  16|0x0000000081000000, 0x0000000081000000, 0x0000000081100000|  0%| F|  |TAMS 0x0000000081000000, 0x0000000081000000| Untracked 
|  17|0x0000000081100000, 0x0000000081100000, 0x0000000081200000|  0%| F|  |TAMS 0x0000000081100000, 0x0000000081100000| Untracked 
|  18|0x0000000081200000, 0x0000000081200000, 0x0000000081300000|  0%| F|  |TAMS 0x0000000081200000, 0x0000000081200000| Untracked 
|  19|0x0000000081300000, 0x0000000081300000, 0x0000000081400000|  0%| F|  |TAMS 0x0000000081300000, 0x0000000081300000| Untracked 
|  20|0x0000000081400000, 0x0000000081400000, 0x0000000081500000|  0%| F|  |TAMS 0x0000000081400000, 0x0000000081400000| Untracked 
|  21|0x0000000081500000, 0x0000000081500000, 0x0000000081600000|  0%| F|  |TAMS 0x0000000081500000, 0x0000000081500000| Untracked 
|  22|0x0000000081600000, 0x0000000081600000, 0x0000000081700000|  0%| F|  |TAMS 0x0000000081600000, 0x0000000081600000| Untracked 
|  23|0x0000000081700000, 0x0000000081700000, 0x0000000081800000|  0%| F|  |TAMS 0x0000000081700000, 0x0000000081700000| Untracked 
|  24|0x0000000081800000, 0x0000000081800000, 0x0000000081900000|  0%| F|  |TAMS 0x0000000081800000, 0x0000000081800000| Untracked 
|  25|0x0000000081900000, 0x0000000081900000, 0x0000000081a00000|  0%| F|  |TAMS 0x0000000081900000, 0x0000000081900000| Untracked 
|  26|0x0000000081a00000, 0x0000000081a00000, 0x0000000081b00000|  0%| F|  |TAMS 0x0000000081a00000, 0x0000000081a00000| Untracked 
|  27|0x0000000081b00000, 0x0000000081b00000, 0x0000000081c00000|  0%| F|  |TAMS 0x0000000081b00000, 0x0000000081b00000| Untracked 
|  28|0x0000000081c00000, 0x0000000081c00000, 0x0000000081d00000|  0%| F|  |TAMS 0x0000000081c00000, 0x0000000081c00000| Untracked 
|  29|0x0000000081d00000, 0x0000000081d00000, 0x0000000081e00000|  0%| F|  |TAMS 0x0000000081d00000, 0x0000000081d00000| Untracked 
|  30|0x0000000081e00000, 0x0000000081e00000, 0x0000000081f00000|  0%| F|  |TAMS 0x0000000081e00000, 0x0000000081e00000| Untracked 
|  31|0x0000000081f00000, 0x0000000081f00000, 0x0000000082000000|  0%| F|  |TAMS 0x0000000081f00000, 0x0000000081f00000| Untracked 
|  32|0x0000000082000000, 0x0000000082000000, 0x0000000082100000|  0%| F|  |TAMS 0x0000000082000000, 0x0000000082000000| Untracked 
|  33|0x0000000082100000, 0x0000000082100000, 0x0000000082200000|  0%| F|  |TAMS 0x0000000082100000, 0x0000000082100000| Untracked 
|  34|0x0000000082200000, 0x0000000082200000, 0x0000000082300000|  0%| F|  |TAMS 0x0000000082200000, 0x0000000082200000| Untracked 
|  35|0x0000000082300000, 0x0000000082300000, 0x0000000082400000|  0%| F|  |TAMS 0x0000000082300000, 0x0000000082300000| Untracked 
|  36|0x0000000082400000, 0x0000000082400000, 0x0000000082500000|  0%| F|  |TAMS 0x0000000082400000, 0x0000000082400000| Untracked 
|  37|0x0000000082500000, 0x0000000082500000, 0x0000000082600000|  0%| F|  |TAMS 0x0000000082500000, 0x0000000082500000| Untracked 
|  38|0x0000000082600000, 0x0000000082600000, 0x0000000082700000|  0%| F|  |TAMS 0x0000000082600000, 0x0000000082600000| Untracked 
|  39|0x0000000082700000, 0x0000000082700000, 0x0000000082800000|  0%| F|  |TAMS 0x0000000082700000, 0x0000000082700000| Untracked 
|  40|0x0000000082800000, 0x0000000082800000, 0x0000000082900000|  0%| F|  |TAMS 0x0000000082800000, 0x0000000082800000| Untracked 
|  41|0x0000000082900000, 0x0000000082900000, 0x0000000082a00000|  0%| F|  |TAMS 0x0000000082900000, 0x0000000082900000| Untracked 
|  42|0x0000000082a00000, 0x0000000082a00000, 0x0000000082b00000|  0%| F|  |TAMS 0x0000000082a00000, 0x0000000082a00000| Untracked 
|  43|0x0000000082b00000, 0x0000000082b00000, 0x0000000082c00000|  0%| F|  |TAMS 0x0000000082b00000, 0x0000000082b00000| Untracked 
|  44|0x0000000082c00000, 0x0000000082c00000, 0x0000000082d00000|  0%| F|  |TAMS 0x0000000082c00000, 0x0000000082c00000| Untracked 
|  45|0x0000000082d00000, 0x0000000082de8610, 0x0000000082e00000| 90%| E|  |TAMS 0x0000000082d00000, 0x0000000082d00000| Complete 
|  46|0x0000000082e00000, 0x0000000082f00000, 0x0000000082f00000|100%| E|CS|TAMS 0x0000000082e00000, 0x0000000082e00000| Complete 
|  47|0x0000000082f00000, 0x0000000083000000, 0x0000000083000000|100%| E|CS|TAMS 0x0000000082f00000, 0x0000000082f00000| Complete 
|  48|0x0000000083000000, 0x0000000083100000, 0x0000000083100000|100%| E|CS|TAMS 0x0000000083000000, 0x0000000083000000| Complete 
|  49|0x0000000083100000, 0x0000000083200000, 0x0000000083200000|100%| E|CS|TAMS 0x0000000083100000, 0x0000000083100000| Complete 
|  50|0x0000000083200000, 0x0000000083300000, 0x0000000083300000|100%| E|  |TAMS 0x0000000083200000, 0x0000000083200000| Complete 
|  51|0x0000000083300000, 0x0000000083400000, 0x0000000083400000|100%| E|CS|TAMS 0x0000000083300000, 0x0000000083300000| Complete 
|  52|0x0000000083400000, 0x0000000083500000, 0x0000000083500000|100%| E|CS|TAMS 0x0000000083400000, 0x0000000083400000| Complete 
|  53|0x0000000083500000, 0x0000000083600000, 0x0000000083600000|100%| E|CS|TAMS 0x0000000083500000, 0x0000000083500000| Complete 
|  54|0x0000000083600000, 0x0000000083700000, 0x0000000083700000|100%| E|CS|TAMS 0x0000000083600000, 0x0000000083600000| Complete 
|  55|0x0000000083700000, 0x0000000083800000, 0x0000000083800000|100%| E|CS|TAMS 0x0000000083700000, 0x0000000083700000| Complete 
|  56|0x0000000083800000, 0x0000000083900000, 0x0000000083900000|100%| E|CS|TAMS 0x0000000083800000, 0x0000000083800000| Complete 
|  57|0x0000000083900000, 0x0000000083a00000, 0x0000000083a00000|100%| E|CS|TAMS 0x0000000083900000, 0x0000000083900000| Complete 
|  58|0x0000000083a00000, 0x0000000083b00000, 0x0000000083b00000|100%| E|CS|TAMS 0x0000000083a00000, 0x0000000083a00000| Complete 
|  59|0x0000000083b00000, 0x0000000083c00000, 0x0000000083c00000|100%| E|CS|TAMS 0x0000000083b00000, 0x0000000083b00000| Complete 
|  63|0x0000000083f00000, 0x0000000083f0dc10, 0x0000000084000000|  5%| S|CS|TAMS 0x0000000083f00000, 0x0000000083f00000| Complete 
|  64|0x0000000084000000, 0x0000000084100000, 0x0000000084100000|100%| S|CS|TAMS 0x0000000084000000, 0x0000000084000000| Complete 
|  65|0x0000000084100000, 0x0000000084200000, 0x0000000084200000|100%| S|CS|TAMS 0x0000000084100000, 0x0000000084100000| Complete 
|  66|0x0000000084200000, 0x0000000084300000, 0x0000000084300000|100%| S|CS|TAMS 0x0000000084200000, 0x0000000084200000| Complete 
|  67|0x0000000084300000, 0x0000000084400000, 0x0000000084400000|100%| S|CS|TAMS 0x0000000084300000, 0x0000000084300000| Complete 
|  68|0x0000000084400000, 0x0000000084500000, 0x0000000084500000|100%| S|CS|TAMS 0x0000000084400000, 0x0000000084400000| Complete 
|  69|0x0000000084500000, 0x0000000084600000, 0x0000000084600000|100%| S|CS|TAMS 0x0000000084500000, 0x0000000084500000| Complete 
|  70|0x0000000084600000, 0x0000000084700000, 0x0000000084700000|100%| S|CS|TAMS 0x0000000084600000, 0x0000000084600000| Complete 
|  71|0x0000000084700000, 0x0000000084800000, 0x0000000084800000|100%| S|CS|TAMS 0x0000000084700000, 0x0000000084700000| Complete 
| 125|0x0000000087d00000, 0x0000000087e00000, 0x0000000087e00000|100%| E|CS|TAMS 0x0000000087d00000, 0x0000000087d00000| Complete 

Card table byte_map: [0x0000021b33e40000,0x0000021b34240000] _byte_map_base: 0x0000021b33a40000

Marking Bits (Prev, Next): (CMBitMap*) 0x0000021b215bc070, (CMBitMap*) 0x0000021b215bc030
 Prev Bits: [0x0000021b36640000, 0x0000021b38640000)
 Next Bits: [0x0000021b34640000, 0x0000021b36640000)

Polling page: 0x0000021b20d20000

Metaspace:

Usage:
  Non-class:     20.53 MB used.
      Class:      2.85 MB used.
       Both:     23.38 MB used.

Virtual space:
  Non-class space:       64.00 MB reserved,      20.62 MB ( 32%) committed,  1 nodes.
      Class space:        1.00 GB reserved,       2.94 MB ( <1%) committed,  1 nodes.
             Both:        1.06 GB reserved,      23.56 MB (  2%) committed. 

Chunk freelists:
   Non-Class:  11.19 MB
       Class:  12.88 MB
        Both:  24.06 MB

MaxMetaspaceSize: unlimited
CompressedClassSpaceSize: 1.00 GB
Initial GC threshold: 21.00 MB
Current GC threshold: 35.12 MB
CDS: off
MetaspaceReclaimPolicy: balanced
 - commit_granule_bytes: 65536.
 - commit_granule_words: 8192.
 - virtual_space_node_default_size: 8388608.
 - enlarge_chunks_in_place: 1.
 - new_chunks_are_fully_committed: 0.
 - uncommit_free_chunks: 1.
 - use_allocation_guard: 0.
 - handle_deallocations: 1.


Internal statistics:

num_allocs_failed_limit: 3.
num_arena_births: 194.
num_arena_deaths: 0.
num_vsnodes_births: 2.
num_vsnodes_deaths: 0.
num_space_committed: 377.
num_space_uncommitted: 0.
num_chunks_returned_to_freelist: 3.
num_chunks_taken_from_freelist: 661.
num_chunk_merges: 3.
num_chunk_splits: 436.
num_chunks_enlarged: 328.
num_inconsistent_stats: 0.

CodeHeap 'non-profiled nmethods': size=120000Kb used=1098Kb max_used=1098Kb free=118902Kb
 bounds [0x0000021b2c510000, 0x0000021b2c780000, 0x0000021b33a40000]
CodeHeap 'profiled nmethods': size=120000Kb used=4680Kb max_used=4680Kb free=115319Kb
 bounds [0x0000021b24a40000, 0x0000021b24ee0000, 0x0000021b2bf70000]
CodeHeap 'non-nmethods': size=5760Kb used=1234Kb max_used=1244Kb free=4525Kb
 bounds [0x0000021b2bf70000, 0x0000021b2c1e0000, 0x0000021b2c510000]
 total_blobs=2778 nmethods=2251 adapters=439
 compilation: enabled
              stopped_count=0, restarted_count=0
 full_count=0

Compilation events (20 events):
Event: 9.108 Thread 0x0000021b3f0374a0 nmethod 2241 0x0000021b24ec3010 code [0x0000021b24ec32a0, 0x0000021b24ec3d88]
Event: 9.108 Thread 0x0000021b3f0374a0 2240       3       java.util.regex.Pattern$Node::study (21 bytes)
Event: 9.108 Thread 0x0000021b3f0374a0 nmethod 2240 0x0000021b24ec4190 code [0x0000021b24ec4340, 0x0000021b24ec4588]
Event: 9.108 Thread 0x0000021b3f0374a0 2239       3       java.util.regex.Pattern$LastNode::match (45 bytes)
Event: 9.109 Thread 0x0000021b3f0374a0 nmethod 2239 0x0000021b24ec4690 code [0x0000021b24ec4840, 0x0000021b24ec4a58]
Event: 9.109 Thread 0x0000021b3f0374a0 2244       3       org.gradle.util.internal.DefaultGradleVersion::compareTo (294 bytes)
Event: 9.110 Thread 0x0000021b3f0374a0 nmethod 2244 0x0000021b24ec4b90 code [0x0000021b24ec4f40, 0x0000021b24ec6628]
Event: 9.110 Thread 0x0000021b3f0374a0 2245       3       org.gradle.util.internal.DefaultGradleVersion::compareTo (9 bytes)
Event: 9.110 Thread 0x0000021b3f0374a0 nmethod 2245 0x0000021b24ec6e10 code [0x0000021b24ec6fc0, 0x0000021b24ec71e8]
Event: 9.110 Thread 0x0000021b3f0374a0 2242       3       java.lang.String::subSequence (7 bytes)
Event: 9.110 Thread 0x0000021b3f0374a0 nmethod 2242 0x0000021b24ec7290 code [0x0000021b24ec7420, 0x0000021b24ec7568]
Event: 9.110 Thread 0x0000021b3f0374a0 2243       1       java.lang.Character::charValue (5 bytes)
Event: 9.110 Thread 0x0000021b3f0374a0 nmethod 2243 0x0000021b2c622210 code [0x0000021b2c6223a0, 0x0000021b2c622478]
Event: 9.110 Thread 0x0000021b3f0374a0 2246       3       java.lang.StringLatin1::compareTo (14 bytes)
Event: 9.110 Thread 0x0000021b3f0374a0 nmethod 2246 0x0000021b24ec7610 code [0x0000021b24ec77c0, 0x0000021b24ec78e8]
Event: 9.117 Thread 0x0000021b3f0374a0 2247       3       org.gradle.internal.service.DefaultServiceRegistry::assertValidServiceType (51 bytes)
Event: 9.117 Thread 0x0000021b3f0374a0 nmethod 2247 0x0000021b24ec7a10 code [0x0000021b24ec7c20, 0x0000021b24ec8178]
Event: 9.117 Thread 0x0000021b3f0374a0 2248   !   3       org.gradle.internal.service.DefaultServiceRegistry$SingletonService::prepare (111 bytes)
Event: 9.118 Thread 0x0000021b3f0374a0 nmethod 2248 0x0000021b24ec8390 code [0x0000021b24ec8640, 0x0000021b24ec9228]
Event: 9.118 Thread 0x0000021b3f0374a0 2249       3       java.lang.invoke.VarHandleGuards::guard_LLL_Z (86 bytes)

GC Heap History (8 events):
Event: 4.117 GC heap before
{Heap before GC invocations=0 (full 0):
 garbage-first heap   total 129024K, used 13312K [0x0000000080000000, 0x0000000100000000)
  region size 1024K, 13 young (13312K), 0 survivors (0K)
 Metaspace       used 7574K, committed 7680K, reserved 1114112K
  class space    used 667K, committed 704K, reserved 1048576K
}
Event: 4.185 GC heap after
{Heap after GC invocations=1 (full 0):
 garbage-first heap   total 129024K, used 1781K [0x0000000080000000, 0x0000000100000000)
  region size 1024K, 2 young (2048K), 2 survivors (2048K)
 Metaspace       used 7574K, committed 7680K, reserved 1114112K
  class space    used 667K, committed 704K, reserved 1048576K
}
Event: 5.688 GC heap before
{Heap before GC invocations=1 (full 0):
 garbage-first heap   total 129024K, used 23285K [0x0000000080000000, 0x0000000100000000)
  region size 1024K, 20 young (20480K), 2 survivors (2048K)
 Metaspace       used 11443K, committed 11648K, reserved 1114112K
  class space    used 1198K, committed 1280K, reserved 1048576K
}
Event: 5.696 GC heap after
{Heap after GC invocations=2 (full 0):
 garbage-first heap   total 129024K, used 11169K [0x0000000080000000, 0x0000000100000000)
  region size 1024K, 3 young (3072K), 3 survivors (3072K)
 Metaspace       used 11443K, committed 11648K, reserved 1114112K
  class space    used 1198K, committed 1280K, reserved 1048576K
}
Event: 6.323 GC heap before
{Heap before GC invocations=2 (full 0):
 garbage-first heap   total 129024K, used 34721K [0x0000000080000000, 0x0000000100000000)
  region size 1024K, 26 young (26624K), 3 survivors (3072K)
 Metaspace       used 11512K, committed 11712K, reserved 1114112K
  class space    used 1200K, committed 1280K, reserved 1048576K
}
Event: 6.326 GC heap after
{Heap after GC invocations=3 (full 0):
 garbage-first heap   total 129024K, used 11643K [0x0000000080000000, 0x0000000100000000)
  region size 1024K, 1 young (1024K), 1 survivors (1024K)
 Metaspace       used 11512K, committed 11712K, reserved 1114112K
  class space    used 1200K, committed 1280K, reserved 1048576K
}
Event: 8.690 GC heap before
{Heap before GC invocations=3 (full 0):
 garbage-first heap   total 129024K, used 65915K [0x0000000080000000, 0x0000000100000000)
  region size 1024K, 54 young (55296K), 1 survivors (1024K)
 Metaspace       used 21291K, committed 21504K, reserved 1114112K
  class space    used 2490K, committed 2624K, reserved 1048576K
}
Event: 8.701 GC heap after
{Heap after GC invocations=4 (full 0):
 garbage-first heap   total 129024K, used 19431K [0x0000000080000000, 0x0000000100000000)
  region size 1024K, 9 young (9216K), 9 survivors (9216K)
 Metaspace       used 21291K, committed 21504K, reserved 1114112K
  class space    used 2490K, committed 2624K, reserved 1048576K
}

Dll operation events (3 events):
Event: 2.802 Loaded shared library C:\Program Files\Android\Android Studio\jbr\bin\java.dll
Event: 3.140 Loaded shared library C:\Program Files\Android\Android Studio\jbr\bin\zip.dll
Event: 4.328 Loaded shared library C:\Program Files\Android\Android Studio\jbr\bin\verify.dll

Deoptimization events (20 events):
Event: 8.469 Thread 0x0000021b40391780 Uncommon trap: trap_request=0xffffff45 fr.pc=0x0000021b2c52f2b8 relative=0x0000000000000198
Event: 8.469 Thread 0x0000021b40391780 Uncommon trap: reason=unstable_if action=reinterpret pc=0x0000021b2c52f2b8 method=java.util.regex.Matcher.reset()Ljava/util/regex/Matcher; @ 47 c2
Event: 8.469 Thread 0x0000021b40391780 DEOPT PACKING pc=0x0000021b2c52f2b8 sp=0x000000838cafde30
Event: 8.469 Thread 0x0000021b40391780 DEOPT UNPACKING pc=0x0000021b2bfca1a3 sp=0x000000838cafddc0 mode 2
Event: 8.469 Thread 0x0000021b40391780 Uncommon trap: trap_request=0xffffff45 fr.pc=0x0000021b2c52fad8 relative=0x00000000000003f8
Event: 8.469 Thread 0x0000021b40391780 Uncommon trap: reason=unstable_if action=reinterpret pc=0x0000021b2c52fad8 method=java.util.regex.Matcher.match(II)Z @ 76 c2
Event: 8.469 Thread 0x0000021b40391780 DEOPT PACKING pc=0x0000021b2c52fad8 sp=0x000000838cafde40
Event: 8.469 Thread 0x0000021b40391780 DEOPT UNPACKING pc=0x0000021b2bfca1a3 sp=0x000000838cafde10 mode 2
Event: 8.537 Thread 0x0000021b408af3f0 Uncommon trap: trap_request=0xffffff45 fr.pc=0x0000021b2c5d7eb8 relative=0x0000000000000198
Event: 8.537 Thread 0x0000021b408af3f0 Uncommon trap: reason=unstable_if action=reinterpret pc=0x0000021b2c5d7eb8 method=java.util.WeakHashMap.expungeStaleEntries()V @ 9 c2
Event: 8.537 Thread 0x0000021b408af3f0 DEOPT PACKING pc=0x0000021b2c5d7eb8 sp=0x000000838ccf8fc0
Event: 8.537 Thread 0x0000021b408af3f0 DEOPT UNPACKING pc=0x0000021b2bfca1a3 sp=0x000000838ccf8f58 mode 2
Event: 8.655 Thread 0x0000021b408af3f0 Uncommon trap: trap_request=0xffffff45 fr.pc=0x0000021b2c550314 relative=0x00000000000003d4
Event: 8.655 Thread 0x0000021b408af3f0 Uncommon trap: reason=unstable_if action=reinterpret pc=0x0000021b2c550314 method=java.util.HashMap.getNode(Ljava/lang/Object;)Ljava/util/HashMap$Node; @ 66 c2
Event: 8.655 Thread 0x0000021b408af3f0 DEOPT PACKING pc=0x0000021b2c550314 sp=0x000000838ccfc4b0
Event: 8.655 Thread 0x0000021b408af3f0 DEOPT UNPACKING pc=0x0000021b2bfca1a3 sp=0x000000838ccfc430 mode 2
Event: 8.675 Thread 0x0000021b408af3f0 Uncommon trap: trap_request=0xffffff45 fr.pc=0x0000021b2c5c7d20 relative=0x00000000000003e0
Event: 8.675 Thread 0x0000021b408af3f0 Uncommon trap: reason=unstable_if action=reinterpret pc=0x0000021b2c5c7d20 method=java.util.concurrent.ConcurrentHashMap.get(Ljava/lang/Object;)Ljava/lang/Object; @ 152 c2
Event: 8.675 Thread 0x0000021b408af3f0 DEOPT PACKING pc=0x0000021b2c5c7d20 sp=0x000000838ccfba00
Event: 8.675 Thread 0x0000021b408af3f0 DEOPT UNPACKING pc=0x0000021b2bfca1a3 sp=0x000000838ccfb988 mode 2

Classes unloaded (0 events):
No events

Classes redefined (0 events):
No events

Internal exceptions (20 events):
Event: 7.972 Thread 0x0000021b21560a70 Exception <a 'java/lang/NoSuchMethodError'{0x0000000085b71ad0}: 'java.lang.Object java.lang.invoke.DirectMethodHandle$Holder.invokeStaticInit(java.lang.Object, int, int, int, int)'> (0x0000000085b71ad0) 
thrown [s\src\hotspot\share\interpreter\linkResolver.cpp, line 771]
Event: 8.041 Thread 0x0000021b21560a70 Exception <a 'java/lang/NoSuchMethodError'{0x0000000085a830f0}: 'java.lang.Object java.lang.invoke.DirectMethodHandle$Holder.invokeStaticInit(java.lang.Object, java.lang.Object, int, int, int, int)'> (0x0000000085a830f0) 
thrown [s\src\hotspot\share\interpreter\linkResolver.cpp, line 771]
Event: 8.277 Thread 0x0000021b21560a70 Exception <a 'java/lang/NoSuchMethodError'{0x00000000858fe5a0}: 'void java.lang.invoke.DirectMethodHandle$Holder.invokeStatic(java.lang.Object, java.lang.Object, java.lang.Object)'> (0x00000000858fe5a0) 
thrown [s\src\hotspot\share\interpreter\linkResolver.cpp, line 771]
Event: 8.300 Thread 0x0000021b21560a70 Exception <a 'java/io/IOException'{0x00000000857d33f8}> (0x00000000857d33f8) 
thrown [s\src\hotspot\share\prims\jni.cpp, line 531]
Event: 8.558 Thread 0x0000021b408af3f0 Exception <a 'java/lang/NoSuchMethodError'{0x0000000084fd5400}: 'long java.lang.invoke.DirectMethodHandle$Holder.invokeInterface(java.lang.Object, java.lang.Object)'> (0x0000000084fd5400) 
thrown [s\src\hotspot\share\interpreter\linkResolver.cpp, line 771]
Event: 8.564 Thread 0x0000021b408af3f0 Exception <a 'java/lang/NoSuchMethodError'{0x0000000084e11eb8}: 'java.lang.Object java.lang.invoke.DirectMethodHandle$Holder.invokeVirtual(java.lang.Object, java.lang.Object, java.lang.Object)'> (0x0000000084e11eb8) 
thrown [s\src\hotspot\share\interpreter\linkResolver.cpp, line 771]
Event: 8.625 Thread 0x0000021b408af3f0 Exception <a 'java/lang/NoSuchMethodError'{0x0000000084bdbde0}: 'void java.lang.invoke.DirectMethodHandle$Holder.invokeStatic(java.lang.Object, java.lang.Object)'> (0x0000000084bdbde0) 
thrown [s\src\hotspot\share\interpreter\linkResolver.cpp, line 771]
Event: 8.668 Thread 0x0000021b408af3f0 Exception <a 'java/lang/NoSuchMethodError'{0x0000000084990ec8}: 'java.lang.Object java.lang.invoke.DirectMethodHandle$Holder.newInvokeSpecial(java.lang.Object, java.lang.Object, java.lang.Object, java.lang.Object, java.lang.Object)'> (0x0000000084990ec8) 
thrown [s\src\hotspot\share\interpreter\linkResolver.cpp, line 771]
Event: 8.749 Thread 0x0000021b408af3f0 Exception <a 'java/lang/NoSuchMethodError'{0x0000000083b9a9c8}: 'void java.lang.invoke.DirectMethodHandle$Holder.invokeSpecial(java.lang.Object, java.lang.Object, java.lang.Object)'> (0x0000000083b9a9c8) 
thrown [s\src\hotspot\share\interpreter\linkResolver.cpp, line 771]
Event: 8.777 Thread 0x0000021b408af3f0 Exception <a 'java/lang/NoSuchMethodError'{0x0000000083a49c08}: 'java.lang.Object java.lang.invoke.DirectMethodHandle$Holder.newInvokeSpecial(java.lang.Object, java.lang.Object, java.lang.Object, java.lang.Object, java.lang.Object, java.lang.Object)'> (0x0000000083a49c08) 
thrown [s\src\hotspot\share\interpreter\linkResolver.cpp, line 771]
Event: 8.779 Thread 0x0000021b408af3f0 Exception <a 'java/lang/NoSuchMethodError'{0x0000000083a8c150}: 'void java.lang.invoke.DirectMethodHandle$Holder.invokeSpecial(java.lang.Object, java.lang.Object, java.lang.Object, java.lang.Object, java.lang.Object)'> (0x0000000083a8c150) 
thrown [s\src\hotspot\share\interpreter\linkResolver.cpp, line 771]
Event: 8.782 Thread 0x0000021b408af3f0 Exception <a 'java/lang/NoSuchMethodError'{0x0000000083aa03f8}: 'void java.lang.invoke.DirectMethodHandle$Holder.invokeStaticInit(java.lang.Object, java.lang.Object)'> (0x0000000083aa03f8) 
thrown [s\src\hotspot\share\interpreter\linkResolver.cpp, line 771]
Event: 8.883 Thread 0x0000021b408af3f0 Exception <a 'java/lang/NoSuchMethodError'{0x0000000083797ae8}: 'void java.lang.invoke.DelegatingMethodHandle$Holder.reinvoke_L(java.lang.Object, java.lang.Object, java.lang.Object, java.lang.Object, java.lang.Object, java.lang.Object, java.lang.Object, java.lang.Object, java.lang.Object, java.lang.Object)'> (0x0000000083797ae8) 
thrown [s\src\hotspot\share\interpreter\linkResolver.cpp, line 771]
Event: 8.884 Thread 0x0000021b408af3f0 Exception <a 'java/lang/NoSuchMethodError'{0x00000000837a02e0}: 'java.lang.Object java.lang.invoke.DirectMethodHandle$Holder.invokeSpecial(java.lang.Object, java.lang.Object, java.lang.Object, java.lang.Object, java.lang.Object, java.lang.Object, java.lang.Object, java.lang.Object, java.lang.Object, java.lang.Object)'> (0x00000000837a02e0) 
thrown [s\src\hotspot\share\interpreter\linkResolver.cpp, line 771]
Event: 8.884 Thread 0x0000021b408af3f0 Exception <a 'java/lang/NoSuchMethodError'{0x00000000837a4bb0}: 'java.lang.Object java.lang.invoke.Invokers$Holder.invoker(java.lang.Object, java.lang.Object, java.lang.Object, java.lang.Object, java.lang.Object, java.lang.Object, java.lang.Object, java.lang.Object, java.lang.Object, java.lang.Object)'> (0x00000000837a4bb0) 
thrown [s\src\hotspot\share\interpreter\linkResolver.cpp, line 771]
Event: 8.884 Thread 0x0000021b408af3f0 Exception <a 'java/lang/NoSuchMethodError'{0x00000000837aa7b8}: 'java.lang.Object java.lang.invoke.DirectMethodHandle$Holder.invokeSpecial(java.lang.Object, java.lang.Object, java.lang.Object, java.lang.Object, java.lang.Object, java.lang.Object, java.lang.Object, java.lang.Object, java.lang.Object, java.lang.Object, java.lang.Object)'> (0x00000000837aa7b8) 
thrown [s\src\hotspot\share\interpreter\linkResolver.cpp, line 771]
Event: 9.062 Thread 0x0000021b408af3f0 Exception <a 'java/lang/NoSuchMethodError'{0x0000000083193ca8}: 'void java.lang.invoke.DirectMethodHandle$Holder.invokeStaticInit(java.lang.Object)'> (0x0000000083193ca8) 
thrown [s\src\hotspot\share\interpreter\linkResolver.cpp, line 771]
Event: 9.076 Thread 0x0000021b408af3f0 Exception <a 'java/lang/NoSuchMethodError'{0x000000008304a510}: 'java.lang.Object java.lang.invoke.DirectMethodHandle$Holder.newInvokeSpecial(java.lang.Object, java.lang.Object, java.lang.Object, int)'> (0x000000008304a510) 
thrown [s\src\hotspot\share\interpreter\linkResolver.cpp, line 771]
Event: 9.076 Thread 0x0000021b408af3f0 Exception <a 'java/lang/NoSuchMethodError'{0x0000000083070d48}: 'java.lang.Object java.lang.invoke.DirectMethodHandle$Holder.invokeSpecial(java.lang.Object, java.lang.Object, java.lang.Object, java.lang.Object, int)'> (0x0000000083070d48) 
thrown [s\src\hotspot\share\interpreter\linkResolver.cpp, line 771]
Event: 9.077 Thread 0x0000021b408af3f0 Exception <a 'java/lang/NoSuchMethodError'{0x0000000083074e60}: 'java.lang.Object java.lang.invoke.Invokers$Holder.linkToTargetMethod(java.lang.Object, java.lang.Object, int, java.lang.Object)'> (0x0000000083074e60) 
thrown [s\src\hotspot\share\interpreter\linkResolver.cpp, line 771]

VM Operations (20 events):
Event: 7.808 Executing VM operation: HandshakeAllThreads
Event: 7.808 Executing VM operation: HandshakeAllThreads done
Event: 7.875 Executing VM operation: HandshakeAllThreads
Event: 7.875 Executing VM operation: HandshakeAllThreads done
Event: 7.952 Executing VM operation: HandshakeAllThreads
Event: 7.952 Executing VM operation: HandshakeAllThreads done
Event: 8.026 Executing VM operation: HandshakeAllThreads
Event: 8.026 Executing VM operation: HandshakeAllThreads done
Event: 8.275 Executing VM operation: HandshakeAllThreads
Event: 8.275 Executing VM operation: HandshakeAllThreads done
Event: 8.380 Executing VM operation: HandshakeAllThreads
Event: 8.380 Executing VM operation: HandshakeAllThreads done
Event: 8.690 Executing VM operation: CollectForMetadataAllocation
Event: 8.701 Executing VM operation: CollectForMetadataAllocation done
Event: 8.711 Executing VM operation: G1PauseRemark
Event: 8.713 Executing VM operation: G1PauseRemark done
Event: 8.716 Executing VM operation: G1PauseCleanup
Event: 8.718 Executing VM operation: G1PauseCleanup done
Event: 8.846 Executing VM operation: HandshakeAllThreads
Event: 8.846 Executing VM operation: HandshakeAllThreads done

Events (20 events):
Event: 9.051 loading class java/nio/file/attribute/PosixFilePermissions
Event: 9.051 loading class java/nio/file/attribute/PosixFilePermissions done
Event: 9.051 loading class java/nio/file/attribute/PosixFilePermissions$1
Event: 9.051 loading class java/nio/file/attribute/PosixFilePermissions$1 done
Event: 9.053 loading class sun/invoke/util/VerifyAccess$1
Event: 9.053 loading class sun/invoke/util/VerifyAccess$1 done
Event: 9.072 loading class java/util/concurrent/ArrayBlockingQueue
Event: 9.073 loading class java/util/concurrent/ArrayBlockingQueue done
Event: 9.073 loading class java/util/concurrent/locks/ReentrantLock$FairSync
Event: 9.073 loading class java/util/concurrent/locks/ReentrantLock$FairSync done
Event: 9.073 Thread 0x0000021b3fdd14a0 Thread added: 0x0000021b3fdd14a0
Event: 9.079 loading class sun/misc/Unsafe
Event: 9.080 loading class sun/misc/Unsafe done
Event: 9.084 Thread 0x0000021b3fdd1ec0 Thread added: 0x0000021b3fdd1ec0
Event: 9.085 loading class java/net/DatagramPacket
Event: 9.085 loading class java/net/DatagramPacket done
Event: 9.088 loading class sun/nio/ch/DatagramSocketAdaptor$DatagramPackets
Event: 9.088 loading class sun/nio/ch/DatagramSocketAdaptor$DatagramPackets done
Event: 9.094 loading class java/lang/Character$CharacterCache
Event: 9.094 loading class java/lang/Character$CharacterCache done


Dynamic libraries:
0x00007ff69c790000 - 0x00007ff69c79a000 	C:\Program Files\Android\Android Studio\jbr\bin\java.exe
0x00007ff8ce430000 - 0x00007ff8ce628000 	C:\Windows\SYSTEM32\ntdll.dll
0x00007ff8ce080000 - 0x00007ff8ce142000 	C:\Windows\System32\KERNEL32.DLL
0x00007ff8cc000000 - 0x00007ff8cc2fe000 	C:\Windows\System32\KERNELBASE.dll
0x00007ff8cbd80000 - 0x00007ff8cbe80000 	C:\Windows\System32\ucrtbase.dll
0x00007ff8c1100000 - 0x00007ff8c1117000 	C:\Program Files\Android\Android Studio\jbr\bin\jli.dll
0x00007ff8ce180000 - 0x00007ff8ce31d000 	C:\Windows\System32\USER32.dll
0x00007ff8cbd50000 - 0x00007ff8cbd72000 	C:\Windows\System32\win32u.dll
0x00007ff8ce150000 - 0x00007ff8ce17b000 	C:\Windows\System32\GDI32.dll
0x00007ff8cc330000 - 0x00007ff8cc447000 	C:\Windows\System32\gdi32full.dll
0x00007ff8cbed0000 - 0x00007ff8cbf6d000 	C:\Windows\System32\msvcp_win.dll
0x00007ff8b6970000 - 0x00007ff8b6c0a000 	C:\Windows\WinSxS\amd64_microsoft.windows.common-controls_6595b64144ccf1df_6.0.19041.4355_none_60b8b9eb71f62e16\COMCTL32.dll
0x00007ff8cd1c0000 - 0x00007ff8cd25e000 	C:\Windows\System32\msvcrt.dll
0x00007ff8aa620000 - 0x00007ff8aa63b000 	C:\Program Files\Android\Android Studio\jbr\bin\VCRUNTIME140.dll
0x00007ff8ce3c0000 - 0x00007ff8ce3ef000 	C:\Windows\System32\IMM32.DLL
0x00007ff8ac350000 - 0x00007ff8ac35c000 	C:\Program Files\Android\Android Studio\jbr\bin\vcruntime140_1.dll
0x00007ff883480000 - 0x00007ff88350d000 	C:\Program Files\Android\Android Studio\jbr\bin\msvcp140.dll
0x00007ff883510000 - 0x00007ff884193000 	C:\Program Files\Android\Android Studio\jbr\bin\server\jvm.dll
0x00007ff8cc600000 - 0x00007ff8cc6b1000 	C:\Windows\System32\ADVAPI32.dll
0x00007ff8ce320000 - 0x00007ff8ce3bf000 	C:\Windows\System32\sechost.dll
0x00007ff8cd260000 - 0x00007ff8cd383000 	C:\Windows\System32\RPCRT4.dll
0x00007ff8cc300000 - 0x00007ff8cc327000 	C:\Windows\System32\bcrypt.dll
0x00007ff8cb010000 - 0x00007ff8cb05b000 	C:\Windows\SYSTEM32\POWRPROF.dll
0x00007ff8c6f60000 - 0x00007ff8c6f69000 	C:\Windows\SYSTEM32\WSOCK32.dll
0x00007ff8cdb00000 - 0x00007ff8cdb6b000 	C:\Windows\System32\WS2_32.dll
0x00007ff8b70d0000 - 0x00007ff8b70f7000 	C:\Windows\SYSTEM32\WINMM.dll
0x00007ff8c4f60000 - 0x00007ff8c4f6a000 	C:\Windows\SYSTEM32\VERSION.dll
0x00007ff8caed0000 - 0x00007ff8caee2000 	C:\Windows\SYSTEM32\UMPDC.dll
0x00007ff8ca2f0000 - 0x00007ff8ca302000 	C:\Windows\SYSTEM32\kernel.appcore.dll
0x00007ff8c6f50000 - 0x00007ff8c6f5a000 	C:\Program Files\Android\Android Studio\jbr\bin\jimage.dll
0x00007ff8c96d0000 - 0x00007ff8c98b4000 	C:\Windows\SYSTEM32\DBGHELP.DLL
0x00007ff8b67e0000 - 0x00007ff8b6814000 	C:\Windows\SYSTEM32\dbgcore.DLL
0x00007ff8cbf70000 - 0x00007ff8cbff2000 	C:\Windows\System32\bcryptPrimitives.dll
0x00007ff8c1140000 - 0x00007ff8c114e000 	C:\Program Files\Android\Android Studio\jbr\bin\instrument.dll
0x00007ff8be710000 - 0x00007ff8be735000 	C:\Program Files\Android\Android Studio\jbr\bin\java.dll
0x00007ff8c3fa0000 - 0x00007ff8c3fb8000 	C:\Program Files\Android\Android Studio\jbr\bin\zip.dll
0x00007ff8cd390000 - 0x00007ff8cdafd000 	C:\Windows\System32\SHELL32.dll
0x00007ff8c9b30000 - 0x00007ff8ca2d4000 	C:\Windows\SYSTEM32\windows.storage.dll
0x00007ff8cdb90000 - 0x00007ff8cdee3000 	C:\Windows\System32\combase.dll
0x00007ff8cb500000 - 0x00007ff8cb52e000 	C:\Windows\SYSTEM32\Wldp.dll
0x00007ff8cc6c0000 - 0x00007ff8cc78d000 	C:\Windows\System32\OLEAUT32.dll
0x00007ff8cd080000 - 0x00007ff8cd12d000 	C:\Windows\System32\SHCORE.dll
0x00007ff8cd020000 - 0x00007ff8cd075000 	C:\Windows\System32\shlwapi.dll
0x00007ff8cba00000 - 0x00007ff8cba24000 	C:\Windows\SYSTEM32\profapi.dll
0x00007ff8c3b10000 - 0x00007ff8c3b29000 	C:\Program Files\Android\Android Studio\jbr\bin\net.dll
0x00007ff8c63c0000 - 0x00007ff8c64cd000 	C:\Windows\SYSTEM32\WINHTTP.dll
0x00007ff8cb260000 - 0x00007ff8cb2ca000 	C:\Windows\system32\mswsock.dll
0x00007ff8c1170000 - 0x00007ff8c1186000 	C:\Program Files\Android\Android Studio\jbr\bin\nio.dll
0x00007ff8c4570000 - 0x00007ff8c4580000 	C:\Program Files\Android\Android Studio\jbr\bin\verify.dll
0x00007ff8aa560000 - 0x00007ff8aa587000 	C:\Users\User\AndroidStudioProjects\Individual\Habit-Tracker\.gradle\native\c067742578af261105cb4f569cf0c3c89f3d7b1fecec35dd04571415982c5e48\windows-amd64\native-platform.dll
0x00007ff85fd60000 - 0x00007ff85fea4000 	C:\Users\User\AndroidStudioProjects\Individual\Habit-Tracker\.gradle\native\38dada09dfb8b06ba9b0570ebf7e218e3eb74d4ef43ca46872605cf95ebc2f47\windows-amd64\native-platform-file-events.dll
0x00007ff8c3af0000 - 0x00007ff8c3af9000 	C:\Program Files\Android\Android Studio\jbr\bin\management.dll
0x00007ff8c1150000 - 0x00007ff8c115b000 	C:\Program Files\Android\Android Studio\jbr\bin\management_ext.dll
0x00007ff8cd010000 - 0x00007ff8cd018000 	C:\Windows\System32\PSAPI.DLL
0x00007ff8cb450000 - 0x00007ff8cb468000 	C:\Windows\SYSTEM32\CRYPTSP.dll
0x00007ff8cab10000 - 0x00007ff8cab44000 	C:\Windows\system32\rsaenh.dll
0x00007ff8cb980000 - 0x00007ff8cb9ae000 	C:\Windows\SYSTEM32\USERENV.dll
0x00007ff8cb470000 - 0x00007ff8cb47c000 	C:\Windows\SYSTEM32\CRYPTBASE.dll
0x00007ff8caef0000 - 0x00007ff8caf2b000 	C:\Windows\SYSTEM32\IPHLPAPI.DLL
0x00007ff8ccff0000 - 0x00007ff8ccff8000 	C:\Windows\System32\NSI.dll
0x00007ff8c3b50000 - 0x00007ff8c3b67000 	C:\Windows\SYSTEM32\dhcpcsvc6.DLL
0x00007ff8c2760000 - 0x00007ff8c277d000 	C:\Windows\SYSTEM32\dhcpcsvc.DLL
0x00007ff8caf30000 - 0x00007ff8caffa000 	C:\Windows\SYSTEM32\DNSAPI.dll
0x00007ff8c3e00000 - 0x00007ff8c3e09000 	C:\Program Files\Android\Android Studio\jbr\bin\extnet.dll
0x00007ff8c3fd0000 - 0x00007ff8c3fd7000 	C:\Windows\system32\wshunix.dll

dbghelp: loaded successfully - version: 4.0.5 - missing functions: none
symbol engine: initialized successfully - sym options: 0x614 - pdb path: .;C:\Program Files\Android\Android Studio\jbr\bin;C:\Windows\SYSTEM32;C:\Windows\WinSxS\amd64_microsoft.windows.common-controls_6595b64144ccf1df_6.0.19041.4355_none_60b8b9eb71f62e16;C:\Program Files\Android\Android Studio\jbr\bin\server;C:\Users\User\AndroidStudioProjects\Individual\Habit-Tracker\.gradle\native\c067742578af261105cb4f569cf0c3c89f3d7b1fecec35dd04571415982c5e48\windows-amd64;C:\Users\User\AndroidStudioProjects\Individual\Habit-Tracker\.gradle\native\38dada09dfb8b06ba9b0570ebf7e218e3eb74d4ef43ca46872605cf95ebc2f47\windows-amd64

VM Arguments:
jvm_args: --add-opens=java.base/java.util=ALL-UNNAMED --add-opens=java.base/java.lang=ALL-UNNAMED --add-opens=java.base/java.lang.invoke=ALL-UNNAMED --add-opens=java.prefs/java.util.prefs=ALL-UNNAMED --add-opens=java.base/java.nio.charset=ALL-UNNAMED --add-opens=java.base/java.net=ALL-UNNAMED --add-opens=java.base/java.util.concurrent.atomic=ALL-UNNAMED -Xmx2048m -Dfile.encoding=UTF-8 -Duser.country=RU -Duser.language=ru -Duser.variant -javaagent:C:\Users\User\AndroidStudioProjects\Individual\Habit-Tracker\.gradle\wrapper\dists\gradle-8.7-bin\bhs2wmbdwecv87pi65oeuq5iu\gradle-8.7\lib\agents\gradle-instrumentation-agent-8.7.jar 
java_command: org.gradle.launcher.daemon.bootstrap.GradleDaemon 8.7
java_class_path (initial): C:\Users\User\AndroidStudioProjects\Individual\Habit-Tracker\.gradle\wrapper\dists\gradle-8.7-bin\bhs2wmbdwecv87pi65oeuq5iu\gradle-8.7\lib\gradle-launcher-8.7.jar
Launcher Type: SUN_STANDARD

[Global flags]
     intx CICompilerCount                          = 3                                         {product} {ergonomic}
     uint ConcGCThreads                            = 1                                         {product} {ergonomic}
     uint G1ConcRefinementThreads                  = 4                                         {product} {ergonomic}
   size_t G1HeapRegionSize                         = 1048576                                   {product} {ergonomic}
    uintx GCDrainStackTargetSize                   = 64                                        {product} {ergonomic}
   size_t InitialHeapSize                          = 132120576                                 {product} {ergonomic}
   size_t MarkStackSize                            = 4194304                                   {product} {ergonomic}
   size_t MaxHeapSize                              = 2147483648                                {product} {command line}
   size_t MaxNewSize                               = 1287651328                                {product} {ergonomic}
   size_t MinHeapDeltaBytes                        = 1048576                                   {product} {ergonomic}
   size_t MinHeapSize                              = 8388608                                   {product} {ergonomic}
    uintx NonNMethodCodeHeapSize                   = 5832780                                {pd product} {ergonomic}
    uintx NonProfiledCodeHeapSize                  = 122912730                              {pd product} {ergonomic}
    uintx ProfiledCodeHeapSize                     = 122912730                              {pd product} {ergonomic}
    uintx ReservedCodeCacheSize                    = 251658240                              {pd product} {ergonomic}
     bool SegmentedCodeCache                       = true                                      {product} {ergonomic}
   size_t SoftMaxHeapSize                          = 2147483648                             {manageable} {ergonomic}
     bool UseCompressedClassPointers               = true                           {product lp64_product} {ergonomic}
     bool UseCompressedOops                        = true                           {product lp64_product} {ergonomic}
     bool UseG1GC                                  = true                                      {product} {ergonomic}
     bool UseLargePagesIndividualAllocation        = false                                  {pd product} {ergonomic}

Logging:
Log output configuration:
 #0: stdout all=warning uptime,level,tags
 #1: stderr all=off uptime,level,tags

Environment Variables:
PATH=C:\Program Files\Microsoft MPI\Bin\;C:\Windows\system32;C:\Windows;C:\Windows\System32\Wbem;C:\Windows\System32\WindowsPowerShell\v1.0\;C:\Windows\System32\OpenSSH\;C:\Program Files\Git\cmd;C:\Program Files\Maven\apache-maven-3.9.2\bin;%JAVA_HOME%\bin;;C:\ProgramData\chocolatey\bin;C:\Program Files (x86)\Microsoft SQL Server\160\DTS\Binn\;C:\Program Files (x86)\Microsoft SQL Server\160\Tools\Binn\;C:\Program Files\Microsoft SQL Server\160\Tools\Binn\;C:\Program Files\Microsoft SQL Server\Client SDK\ODBC\170\Tools\Binn\;C:\Program Files\Microsoft SQL Server\160\DTS\Binn\;C:\Program Files\Microsoft SQL Server\130\Tools\Binn\;C:\Program Files\dotnet\;C:\Program Files\MySQL\MySQL Shell 8.0\bin\;C:\Users\User\AppData\Local\Programs\Python\Python312\Scripts\;C:\Users\User\AppData\Local\Programs\Python\Python312\;C:\Users\User\AppData\Local\Microsoft\WindowsApps;C:\Users\User\AppData\Local\Programs\Python\Python310\Scripts;;C:\Program Files\JetBrains\IntelliJ IDEA Community Edition 2022.2.2\bin;;C:\Users\User\AppData\Local\Muse Hub\lib;C:\Users\User\.dotnet\tools
USERNAME=User
OS=Windows_NT
PROCESSOR_IDENTIFIER=Intel64 Family 6 Model 140 Stepping 1, GenuineIntel
TMP=C:\Users\User\AppData\Local\Temp
TEMP=C:\Users\User\AppData\Local\Temp



Periodic native trim disabled

JNI global refs:
JNI global refs: 23, weak refs: 0

JNI global refs memory usage: 843, weak refs: 841

Process memory usage:
Resident Set Size: 128532K (1% of 8183096K total physical memory with 231120K free physical memory)

OOME stack traces (most recent first):
Classloader memory used:
Loader bootstrap                                                                       : 1878K
Loader org.gradle.internal.classloader.VisitableURLClassLoader                         : 1000K
Loader org.gradle.initialization.MixInLegacyTypesClassLoader                           : 71925B
Loader jdk.internal.loader.ClassLoaders$AppClassLoader                                 : 28742B
Loader jdk.internal.loader.ClassLoaders$PlatformClassLoader                            : 16859B
Loader jdk.internal.reflect.DelegatingClassLoader                                      : 1296B

Classes loaded by more than one classloader:
Class org.gradle.internal.installation.GradleInstallation                             : loaded 2 times (x 73B)
Class org.gradle.internal.classpath.ClassPath                                         : loaded 2 times (x 68B)
Class org.gradle.api.internal.classpath.DefaultModuleRegistry                         : loaded 2 times (x 84B)
Class org.gradle.api.Action                                                           : loaded 2 times (x 68B)
Class org.gradle.api.internal.DefaultClassPathProvider                                : loaded 2 times (x 74B)
Class org.gradle.internal.installation.GradleInstallation$1                           : loaded 2 times (x 73B)
Class org.gradle.internal.classloader.FilteringClassLoader                            : loaded 2 times (x 103B)
Class org.gradle.internal.classpath.DefaultClassPath$ImmutableUniqueList$Builder      : loaded 2 times (x 73B)
Class org.gradle.internal.classloader.ClassLoaderVisitor                              : loaded 2 times (x 74B)
Class org.gradle.internal.service.DefaultServiceLocator                               : loaded 2 times (x 81B)
Class org.gradle.internal.service.UnknownServiceException                             : loaded 2 times (x 81B)
Class org.gradle.internal.classloader.VisitableURLClassLoader$Spec                    : loaded 2 times (x 72B)
Class org.gradle.api.GradleException                                                  : loaded 2 times (x 80B)
Class org.gradle.api.internal.classpath.ModuleRegistry                                : loaded 2 times (x 68B)
Class org.gradle.api.internal.ClassPathProvider                                       : loaded 2 times (x 68B)
Class org.gradle.internal.classloader.ClasspathUtil$1                                 : loaded 2 times (x 74B)
Class org.gradle.internal.classloader.ClassLoaderFactory                              : loaded 2 times (x 68B)
Class org.gradle.api.internal.classpath.ManifestUtil                                  : loaded 2 times (x 69B)
Class org.gradle.api.specs.Spec                                                       : loaded 2 times (x 68B)
Class org.gradle.internal.IoActions                                                   : loaded 2 times (x 69B)
Class org.gradle.api.internal.classpath.EffectiveClassPath                            : loaded 2 times (x 88B)
Class org.gradle.internal.installation.CurrentGradleInstallation                      : loaded 2 times (x 71B)
Class org.gradle.internal.agents.InstrumentingClassLoader                             : loaded 2 times (x 68B)
Class org.gradle.internal.installation.CurrentGradleInstallationLocator               : loaded 2 times (x 69B)
Class org.gradle.api.internal.classpath.Module                                        : loaded 2 times (x 68B)
Class org.gradle.internal.service.CachingServiceLocator                               : loaded 2 times (x 80B)
Class org.gradle.internal.classpath.DefaultClassPath                                  : loaded 2 times (x 88B)
Class org.gradle.internal.classloader.SystemClassLoaderSpec                           : loaded 2 times (x 69B)
Class org.gradle.api.UncheckedIOException                                             : loaded 2 times (x 80B)
Class org.gradle.internal.classloader.ClasspathUtil                                   : loaded 2 times (x 69B)
Class org.gradle.api.internal.DefaultClassPathRegistry                                : loaded 2 times (x 74B)
Class org.gradle.api.internal.classpath.DefaultModuleRegistry$DefaultModule           : loaded 2 times (x 84B)
Class org.gradle.api.internal.classpath.UnknownModuleException                        : loaded 2 times (x 80B)
Class org.gradle.internal.service.ServiceLookupException                              : loaded 2 times (x 80B)
Class org.gradle.cache.GlobalCache                                                    : loaded 2 times (x 68B)
Class [Lorg.gradle.api.internal.ClassPathProvider;                                    : loaded 2 times (x 67B)
Class org.gradle.util.internal.GUtil                                                  : loaded 2 times (x 69B)
Class org.gradle.internal.classloader.ClassLoaderSpec                                 : loaded 2 times (x 69B)
Class org.gradle.internal.classloader.VisitableURLClassLoader                         : loaded 2 times (x 115B)
Class org.gradle.internal.Cast                                                        : loaded 2 times (x 69B)
Class org.gradle.api.internal.ClassPathRegistry                                       : loaded 2 times (x 68B)
Class org.gradle.internal.classloader.VisitableURLClassLoader$InstrumentingVisitableURLClassLoader: loaded 2 times (x 121B)
Class org.gradle.internal.classloader.ClassLoaderHierarchy                            : loaded 2 times (x 68B)
Class org.gradle.internal.InternalTransformer                                         : loaded 2 times (x 68B)
Class org.gradle.internal.service.ServiceLocator                                      : loaded 2 times (x 68B)
Class org.gradle.internal.classpath.DefaultClassPath$ImmutableUniqueList              : loaded 2 times (x 159B)
Class org.gradle.internal.classpath.TransformedClassPath                              : loaded 2 times (x 94B)


---------------  S Y S T E M  ---------------

OS:
 Windows 10 , 64 bit Build 19041 (10.0.19041.5072)
OS uptime: 7 days 0:43 hours

CPU: total 4 (initial active 4) (2 cores per cpu, 2 threads per core) family 6 model 140 stepping 1 microcode 0x9a, cx8, cmov, fxsr, ht, mmx, 3dnowpref, sse, sse2, sse3, ssse3, sse4.1, sse4.2, popcnt, lzcnt, tsc, tscinvbit, avx, avx2, aes, erms, clmul, bmi1, bmi2, adx, avx512f, avx512dq, avx512cd, avx512bw, avx512vl, sha, fma, vzeroupper, avx512_vpopcntdq, avx512_vpclmulqdq, avx512_vaes, avx512_vnni, clflush, clflushopt, clwb, avx512_vbmi2, avx512_vbmi
Processor Information for all 4 processors :
  Max Mhz: 2995, Current Mhz: 2995, Mhz Limit: 2995

Memory: 4k page, system-wide physical 7991M (225M free)
TotalPageFile size 32567M (AvailPageFile size 4M)
current process WorkingSet (physical memory assigned to process): 125M, peak: 153M
current process commit charge ("private bytes"): 190M, peak: 244M

vm_info: OpenJDK 64-Bit Server VM (17.0.11+0--11852314) for windows-amd64 JRE (17.0.11+0--11852314), built on May 16 2024 21:29:20 by "androidbuild" with MS VC++ 16.10 / 16.11 (VS2019)

END.
